[rasmaye-wishes.netlify.app/index.html]
[backblue.gif]
[fade.gif]
[index.html]
[rasmaye-wishes.netlify.app/favicon.ico]
[maxcdn.bootstrapcdn.com/bootstrap/3.3.1/css/bootstrap.min.css]
[rasmaye-wishes.netlify.app/stylesheet.css]
[rasmaye-wishes.netlify.app/loading.css]
[rasmaye-wishes.netlify.app/cake.less]
[cdnjs.cloudflare.com/ajax/libs/less.js/2.1.0/less.min.js]
[sites.google.com/site/raj24279/birthday/rajheart.6.delayed]
[sites.google.com/site/sites/system/errors/WebspaceNotFound.7a686.delayed]
[rasmaye-wishes.netlify.app/hbd.mp3]
[rasmaye-wishes.netlify.app/Balloon-Border.png]
[rasmaye-wishes.netlify.app/banner.png]
[ajax.googleapis.com/ajax/libs/jquery/1.11.2/jquery.min.js]
[maxcdn.bootstrapcdn.com/bootstrap/3.3.1/js/bootstrap.min.js]
[www.google-analytics.com/analytics.js]
[rasmaye-wishes.netlify.app/index.html]
[maxcdn.bootstrapcdn.com/bootstrap/3.3.1/css/bootstrap.min.css]
[rasmaye-wishes.netlify.app/effect.js]
[sites.google.com/site/raj24279/birthday/frame-artwork-christmas-holly-toy-doll-border-digital-png.10.delayed]
[sites.google.com/site/sites/system/errors/WebspaceNotFound.11a02d.delayed]
[rasmaye-wishes.netlify.app/bulb_yellow.png]
[rasmaye-wishes.netlify.app/bulb.png]
[rasmaye-wishes.netlify.app/bulb_red.png]
[rasmaye-wishes.netlify.app/bulb_blue.png]
[rasmaye-wishes.netlify.app/bulb_green.png]
[rasmaye-wishes.netlify.app/bulb_pink.png]
[rasmaye-wishes.netlify.app/bulb_orange.png]
[rasmaye-wishes.netlify.app/b1.png]
[rasmaye-wishes.netlify.app/b2.png]
[rasmaye-wishes.netlify.app/b3.png]
[rasmaye-wishes.netlify.app/b4.png]
[rasmaye-wishes.netlify.app/b5.png]
[rasmaye-wishes.netlify.app/b6.png]
[rasmaye-wishes.netlify.app/b7.png]
[rasmaye-wishes.netlify.app/stylesheet.css]
[rasmaye-wishes.netlify.app/loading.css]
